// Jest Snapshot v1, https://goo.gl/fbAQLP

exports[`Shapes renders 1`] = `
<Shapes
  shapesModel={
    Object {
      "shapes": Array [
        Object {
          "addToCart": [Function],
          "currency": "€",
          "description": "some-shape-description",
          "id": "some-shape-id",
          "name": "some-shape-name",
          "price": 100,
        },
      ],
    }
  }
>
  <div
    key="some-shape-id"
  >
    <Flex
      lineUpHorizontallyTo="md"
      spaceBetween={true}
    >
      <div
        className="flex flex__spaceBetween flex__lineUpHorizontallyToMdScreen"
      >
        <Flex
          centeredVertically={true}
          lineUpHorizontally={true}
        >
          <div
            className="flex flex__centeredVertically flex__lineUpHorizontally"
          >
            <Element
              box="md"
              padding="md"
            >
              <div
                className="element element__minWidth element__paddingMd element__boxMd"
              >
                <Icon
                  iconName="some-shape-name"
                />
              </div>
            </Element>
            <Flex>
              <div
                className="flex"
              >
                <Heading>
                  <p
                    className="heading heading__sizeMd"
                  >
                    some-shape-name
                  </p>
                </Heading>
                <BodyText>
                  <p
                    className="bodyText bodyText__fontBody bodyText__sizeMd"
                  >
                    some-shape-description
                  </p>
                </BodyText>
              </div>
            </Flex>
          </div>
        </Flex>
        <Flex>
          <div
            className="flex"
          >
            <Heading
              alignRight={true}
            >
              <p
                className="heading heading__sizeMd heading__alignRight"
              >
                100
                 
                €
              </p>
            </Heading>
            <PrimaryButton
              data-add-to-cart-test="some-shape-id"
              onClick={[Function]}
            >
              <Button
                attention={true}
                data-add-to-cart-test="some-shape-id"
                onClick={[Function]}
                variant="primary"
              >
                <button
                  className="button button__primary button__attention button__size"
                  data-add-to-cart-test="some-shape-id"
                  onClick={[Function]}
                  type="button"
                >
                  <BodyText
                    font="body"
                    size="sm"
                  >
                    <p
                      className="bodyText bodyText__fontBody bodyText__sizeSm"
                    >
                      Add to cart
                    </p>
                  </BodyText>
                </button>
              </Button>
            </PrimaryButton>
          </div>
        </Flex>
      </div>
    </Flex>
  </div>
</Shapes>
`;
