// Jest Snapshot v1, https://goo.gl/fbAQLP

exports[`Shapes renders 1`] = `
<Shapes
  shapesModel={
    Object {
      "shapes": Array [
        Object {
          "addToCart": Any<Function>,
          "currency": "€",
          "description": "some-shape-description",
          "id": "some-shape-id",
          "name": "some-shape-name",
          "price": 100,
        },
      ],
    }
  }
>
  <div
    key="some-shape-id"
  >
    <Flex
      centeredVertically={true}
      lineUpHorizontally={true}
    >
      <div
        className="flex flex__centeredVertically flex__lineUpHorizontally"
      >
        <Icon
          iconName="some-shape-name"
        />
        <Element
          minWidth="md"
        >
          <div
            className="element element__minWidthMd"
          >
            <Flex>
              <div
                className="flex"
              >
                <Heading>
                  <p
                    className="heading heading__sizeMd"
                  >
                    some-shape-name
                  </p>
                </Heading>
                <BodyText>
                  <p
                    className="bodyText bodyText__fontBody bodyText__sizeSm"
                  >
                    some-shape-description
                  </p>
                </BodyText>
              </div>
            </Flex>
          </div>
        </Element>
      </div>
    </Flex>
  </div>
</Shapes>
`;
