// Jest Snapshot v1, https://goo.gl/fbAQLP

exports[`Navigation renders 1`] = `
<Flex
  className="navigation"
  lineUpHorizontally={true}
  spaceBetween={true}
>
  <Flex
    lineUpHorizontallyTo="md"
  >
    <Image
      alt="Logo"
      src="logo.png"
    />
    <BodyText
      font="highlight"
      size="sm"
    >
      The most definitive shape store in the world
    </BodyText>
  </Flex>
  <Element
    padding="sm"
  >
    <Flex
      centeredVertically={true}
      lineUpHorizontally={true}
    >
      <BodyText
        alignRight={true}
        font="highlight"
        size="sm"
      />
      <Icon
        iconName="shoppingCart"
        navigation={true}
      />
    </Flex>
  </Element>
</Flex>
`;
