// Jest Snapshot v1, https://goo.gl/fbAQLP

exports[`App renders 1`] = `
<App
  shapesModel={
    Object {
      "shapes": Array [
        Object {
          "addToCart": Any<Function>,
          "currency": "€",
          "description": "some-shape-description",
          "id": "some-shape-id",
          "name": "some-shape-name",
          "price": 100,
        },
      ],
    }
  }
>
  <Navigation>
    <div
      className="navigation"
    >
      <Flex
        lineUpHorizontallyTo="md"
      >
        <div
          className="flex flex__lineUpHorizontallyToMdScreen"
        >
          <Image
            alt="Logo"
            src="logo.png"
          >
            <div
              className="image"
            >
              <img
                alt="Logo"
                src="logo.png"
              />
            </div>
          </Image>
          <BodyText
            font="highlight"
            size="md"
          >
            <p
              className="bodyText bodyText__fontHighlight bodyText__sizeMd"
            >
              The most definitive shape store in the world
            </p>
          </BodyText>
        </div>
      </Flex>
    </div>
  </Navigation>
  <Page>
    <div
      className="page"
    >
      <Shapes
        shapesModel={
          Object {
            "shapes": Array [
              Object {
                "addToCart": Any<Function>,
                "currency": "€",
                "description": "some-shape-description",
                "id": "some-shape-id",
                "name": "some-shape-name",
                "price": 100,
              },
            ],
          }
        }
      >
        <div
          key="some-shape-id"
        >
          <Flex
            centeredVertically={true}
            lineUpHorizontally={true}
          >
            <div
              className="flex flex__centeredVertically flex__lineUpHorizontally"
            >
              <Icon
                iconName="some-shape-name"
              />
              <Element
                minWidth="md"
              >
                <div
                  className="element element__minWidthMd"
                >
                  <Flex>
                    <div
                      className="flex"
                    >
                      <Heading>
                        <p
                          className="heading heading__sizeMd"
                        >
                          some-shape-name
                        </p>
                      </Heading>
                      <BodyText>
                        <p
                          className="bodyText bodyText__fontBody bodyText__sizeSm"
                        >
                          some-shape-description
                        </p>
                      </BodyText>
                    </div>
                  </Flex>
                </div>
              </Element>
            </div>
          </Flex>
        </div>
      </Shapes>
    </div>
  </Page>
</App>
`;
