// Jest Snapshot v1, https://goo.gl/fbAQLP

exports[`App renders 1`] = `
<App
  shapesModel={
    Object {
      "shapes": Array [
        Object {
          "addToCart": Any<Function>,
          "currency": "€",
          "description": "some-shape-description",
          "id": "some-shape-id",
          "name": "some-shape-name",
          "price": 100,
        },
      ],
    }
  }
>
  <Navigation>
    <div
      className="navigation"
    >
      <Flex
        lineUpHorizontallyTo="md"
      >
        <div
          className="flex flex__lineUpHorizontallyToMdScreen"
        >
          <Image
            alt="Logo"
            src="logo.png"
          >
            <div
              className="image"
            >
              <img
                alt="Logo"
                src="logo.png"
              />
            </div>
          </Image>
          <BodyText
            font="highlight"
            size="md"
          >
            <p
              className="bodyText bodyText__fontHighlight bodyText__sizeMd"
            >
              The most definitive shape store in the world
            </p>
          </BodyText>
        </div>
      </Flex>
    </div>
  </Navigation>
  <Page>
    <div
      className="page"
    >
      <Shapes
        shapesModel={
          Object {
            "shapes": Array [
              Object {
                "addToCart": Any<Function>,
                "currency": "€",
                "description": "some-shape-description",
                "id": "some-shape-id",
                "name": "some-shape-name",
                "price": 100,
              },
            ],
          }
        }
      >
        <Element
          key="some-shape-id"
          padding="sm"
        >
          <div
            className="element element__minWidth element__paddingSm"
          >
            <Flex
              lineUpHorizontallyTo="md"
              spaceBetween={true}
            >
              <div
                className="flex flex__spaceBetween flex__lineUpHorizontallyToMdScreen"
              >
                <Element
                  minWidth="sm"
                >
                  <div
                    className="element element__minWidthSm element__padding"
                  >
                    <Flex
                      centeredVertically={true}
                      lineUpHorizontally={true}
                    >
                      <div
                        className="flex flex__centeredVertically flex__lineUpHorizontally"
                      >
                        <Icon
                          iconName="some-shape-name"
                        />
                        <Element
                          minWidth="md"
                        >
                          <div
                            className="element element__minWidthMd element__padding"
                          >
                            <Flex>
                              <div
                                className="flex"
                              >
                                <Heading>
                                  <p
                                    className="heading heading__sizeMd"
                                  >
                                    some-shape-name
                                  </p>
                                </Heading>
                                <BodyText>
                                  <p
                                    className="bodyText bodyText__fontBody bodyText__sizeSm"
                                  >
                                    some-shape-description
                                  </p>
                                </BodyText>
                              </div>
                            </Flex>
                          </div>
                        </Element>
                      </div>
                    </Flex>
                  </div>
                </Element>
                <Element
                  minWidth="sm"
                >
                  <div
                    className="element element__minWidthSm element__padding"
                  >
                    <Flex>
                      <div
                        className="flex"
                      >
                        <Heading
                          alignRight={true}
                        >
                          <p
                            className="heading heading__sizeMd heading__alignRight"
                          >
                            100
                             
                            €
                          </p>
                        </Heading>
                        <PrimaryButton
                          data-add-to-cart-test="some-shape-id"
                          onClick={Any<Function>}
                        >
                          <Button
                            attention={true}
                            data-add-to-cart-test="some-shape-id"
                            onClick={Any<Function>}
                            variant="primary"
                          >
                            <button
                              className="button button__primary button__attention button__size"
                              data-add-to-cart-test="some-shape-id"
                              onClick={Any<Function>}
                              type="button"
                            >
                              <BodyText
                                font="body"
                                size="md"
                              >
                                <p
                                  className="bodyText bodyText__fontBody bodyText__sizeMd"
                                >
                                  Add to cart
                                </p>
                              </BodyText>
                            </button>
                          </Button>
                        </PrimaryButton>
                      </div>
                    </Flex>
                  </div>
                </Element>
              </div>
            </Flex>
          </div>
        </Element>
      </Shapes>
    </div>
  </Page>
</App>
`;
