// Jest Snapshot v1, https://goo.gl/fbAQLP

exports[`App renders 1`] = `
<App
  shapesModel={
    Object {
      "shapes": Array [
        Object {
          "addToCart": [Function],
          "currency": "€",
          "description": "some-shape-description",
          "id": "some-shape-id",
          "name": "some-shape-name",
          "price": 100,
        },
      ],
      "shoppingCartStatus": "some-status",
    }
  }
>
  <Navigation
    shoppingCartStatus="some-status"
  >
    <Flex
      className="navigation"
      lineUpHorizontally={true}
      spaceBetween={true}
    >
      <div
        className="flex flex__spaceBetween flex__lineUpHorizontally navigation"
      >
        <Flex
          lineUpHorizontallyTo="md"
        >
          <div
            className="flex flex__lineUpHorizontallyToMdScreen"
          >
            <Image
              alt="Logo"
              src="logo.png"
            >
              <div
                className="image"
              >
                <img
                  alt="Logo"
                  src="logo.png"
                />
              </div>
            </Image>
            <BodyText
              font="highlight"
              size="sm"
            >
              <p
                className="bodyText bodyText__fontHighlight bodyText__sizeSm"
              >
                The most definitive shape store in the world
              </p>
            </BodyText>
          </div>
        </Flex>
        <Element
          padding="sm"
        >
          <div
            className="element element__minWidth element__paddingSm element__box"
          >
            <Flex
              centeredVertically={true}
              lineUpHorizontally={true}
            >
              <div
                className="flex flex__centeredVertically flex__lineUpHorizontally"
              >
                <BodyText
                  alignRight={true}
                  font="highlight"
                  size="sm"
                >
                  <p
                    className="bodyText bodyText__fontHighlight bodyText__sizeSm bodyText__alignRight"
                  >
                    some-status
                  </p>
                </BodyText>
                <Icon
                  iconName="shoppingCart"
                  navigation={true}
                >
                  <ForwardRef(SvgCartIcon2)
                    className="icon icon__navigation"
                  >
                    <svg
                      className="icon icon__navigation"
                    >
                      cart-icon-2.svg
                    </svg>
                  </ForwardRef(SvgCartIcon2)>
                </Icon>
              </div>
            </Flex>
          </div>
        </Element>
      </div>
    </Flex>
  </Navigation>
  <Page>
    <div
      className="page"
    >
      <Shapes
        shapesModel={
          Object {
            "shapes": Array [
              Object {
                "addToCart": [Function],
                "currency": "€",
                "description": "some-shape-description",
                "id": "some-shape-id",
                "name": "some-shape-name",
                "price": 100,
              },
            ],
            "shoppingCartStatus": "some-status",
          }
        }
      >
        <div
          key="some-shape-id"
        >
          <Flex
            lineUpHorizontallyTo="md"
            spaceBetween={true}
          >
            <div
              className="flex flex__spaceBetween flex__lineUpHorizontallyToMdScreen"
            >
              <Flex
                centeredVertically={true}
                lineUpHorizontally={true}
              >
                <div
                  className="flex flex__centeredVertically flex__lineUpHorizontally"
                >
                  <Element
                    box="md"
                    padding="md"
                  >
                    <div
                      className="element element__minWidth element__paddingMd element__boxMd"
                    >
                      <Icon
                        iconName="some-shape-name"
                      />
                    </div>
                  </Element>
                  <Flex>
                    <div
                      className="flex"
                    >
                      <Heading>
                        <p
                          className="heading heading__sizeMd"
                        >
                          some-shape-name
                        </p>
                      </Heading>
                      <BodyText>
                        <p
                          className="bodyText bodyText__fontBody bodyText__sizeMd"
                        >
                          some-shape-description
                        </p>
                      </BodyText>
                    </div>
                  </Flex>
                </div>
              </Flex>
              <Flex>
                <div
                  className="flex"
                >
                  <Heading
                    alignRight={true}
                  >
                    <p
                      className="heading heading__sizeMd heading__alignRight"
                    >
                      100
                       
                      €
                    </p>
                  </Heading>
                  <PrimaryButton
                    data-add-to-cart-test="some-shape-id"
                    onClick={[Function]}
                  >
                    <Button
                      attention={true}
                      data-add-to-cart-test="some-shape-id"
                      onClick={[Function]}
                      variant="primary"
                    >
                      <button
                        className="button button__primary button__attention button__size"
                        data-add-to-cart-test="some-shape-id"
                        onClick={[Function]}
                        type="button"
                      >
                        <BodyText
                          font="body"
                          size="sm"
                        >
                          <p
                            className="bodyText bodyText__fontBody bodyText__sizeSm"
                          >
                            Add to cart
                          </p>
                        </BodyText>
                      </button>
                    </Button>
                  </PrimaryButton>
                </div>
              </Flex>
            </div>
          </Flex>
        </div>
      </Shapes>
    </div>
  </Page>
</App>
`;
